2025-04-29 20:43:47,562 - privacy-lens-api - INFO - Uploaded file: input1.mp4 -> uploads\3f863050-8bdd-4346-bd83-e9c0b7898143.mp4
2025-04-29 20:43:48,514 - privacy-lens-api - INFO - Processing video 9d51f475-5166-410b-be64-cdf519b162a6: 0% (0/303)
2025-04-29 20:44:01,073 - imageio_ffmpeg - WARNING - IMAGEIO FFMPEG_WRITER WARNING: input image is not divisible by macro_block_size=16, resizing from (1080, 1920) to (1088, 1920) to ensure video compatibility with most codecs and players. To prevent resizing, make your input image divisible by the macro_block_size or set the macro_block_size to 1 (risking incompatibility).
2025-04-29 20:46:36,559 - privacy-lens-api - INFO - Uploaded file: input1.mp4 -> uploads\83d5c0c1-b02e-4510-a4a6-359af7b2bafa.mp4
2025-04-29 20:46:36,898 - privacy-lens-api - INFO - Processing video 7a117e45-ec9f-4fda-a338-4f449242947f: 0% (0/303)
2025-04-29 20:46:37,414 - imageio_ffmpeg - WARNING - IMAGEIO FFMPEG_WRITER WARNING: input image is not divisible by macro_block_size=16, resizing from (1080, 1920) to (1088, 1920) to ensure video compatibility with most codecs and players. To prevent resizing, make your input image divisible by the macro_block_size or set the macro_block_size to 1 (risking incompatibility).
2025-04-29 20:47:18,469 - privacy-lens-api - INFO - Processing video 7a117e45-ec9f-4fda-a338-4f449242947f: 33% (100/303)
2025-04-29 20:47:36,602 - privacy-lens-api - INFO - Processing video 7a117e45-ec9f-4fda-a338-4f449242947f: 66% (200/303)
2025-04-29 20:48:05,949 - privacy-lens-api - INFO - Processing video 7a117e45-ec9f-4fda-a338-4f449242947f: 99% (300/303)
2025-04-29 20:48:07,618 - privacy-lens-api - INFO - Video processing completed: 7a117e45-ec9f-4fda-a338-4f449242947f
2025-04-29 20:58:25,498 - privacy-lens-api - INFO - Uploaded file: input1.mp4 -> uploads\0295129c-d4a2-4a77-b1e5-b83a0970d6af.mp4
2025-04-29 20:58:25,930 - privacy-lens-api - INFO - Processing video 090cd0e7-b1b5-49eb-a459-0956fb132bf5: 0% (0/303)
2025-04-29 20:58:26,472 - imageio_ffmpeg - WARNING - IMAGEIO FFMPEG_WRITER WARNING: input image is not divisible by macro_block_size=16, resizing from (1080, 1920) to (1088, 1920) to ensure video compatibility with most codecs and players. To prevent resizing, make your input image divisible by the macro_block_size or set the macro_block_size to 1 (risking incompatibility).
2025-04-29 21:02:09,823 - privacy-lens-api - INFO - Uploaded file: input1.mp4 -> uploads\e6900262-24fb-4c57-9eb5-87739ee1af87.mp4
2025-04-29 21:02:10,160 - privacy-lens-api - INFO - Processing video 3ad047ef-9a90-4aca-8b1e-4443b9ef7720: 0% (0/303)
2025-04-29 21:02:10,672 - imageio_ffmpeg - WARNING - IMAGEIO FFMPEG_WRITER WARNING: input image is not divisible by macro_block_size=16, resizing from (1080, 1920) to (1088, 1920) to ensure video compatibility with most codecs and players. To prevent resizing, make your input image divisible by the macro_block_size or set the macro_block_size to 1 (risking incompatibility).
2025-04-29 21:02:51,287 - privacy-lens-api - INFO - Processing video 3ad047ef-9a90-4aca-8b1e-4443b9ef7720: 33% (100/303)
2025-04-29 21:03:08,440 - privacy-lens-api - INFO - Processing video 3ad047ef-9a90-4aca-8b1e-4443b9ef7720: 66% (200/303)
2025-04-29 21:03:36,293 - privacy-lens-api - INFO - Processing video 3ad047ef-9a90-4aca-8b1e-4443b9ef7720: 99% (300/303)
2025-04-29 21:03:37,790 - privacy-lens-api - INFO - Video processing completed: 3ad047ef-9a90-4aca-8b1e-4443b9ef7720
2025-04-29 21:08:45,852 - privacy-lens-api - INFO - Uploaded file: input2.mp4 -> uploads\9b22ef60-9e8a-4708-9fea-af562204a16a.mp4
2025-04-29 21:08:45,962 - imageio_ffmpeg - WARNING - The frame size for reading (1280, 720) is different from the source frame size (720, 1280).
2025-04-29 21:08:46,028 - privacy-lens-api - INFO - Processing video 584c1f0a-3eff-47e8-846b-064ae1ab09da: 0% (0/284)
2025-04-29 21:08:57,718 - privacy-lens-api - INFO - Processing video 584c1f0a-3eff-47e8-846b-064ae1ab09da: 35% (100/284)
2025-04-29 21:09:09,486 - privacy-lens-api - INFO - Processing video 584c1f0a-3eff-47e8-846b-064ae1ab09da: 70% (200/284)
2025-04-29 21:09:21,067 - privacy-lens-api - INFO - Video processing completed: 584c1f0a-3eff-47e8-846b-064ae1ab09da
2025-04-29 21:10:28,666 - privacy-lens-api - INFO - Uploaded file: input1.mp4 -> uploads\861f7737-8293-48d6-80bb-02bcd9b3b019.mp4
2025-04-29 21:10:28,996 - privacy-lens-api - INFO - Processing video 7e93b26f-44c9-456e-bba9-b873d631ef23: 0% (0/303)
2025-04-29 21:10:29,471 - imageio_ffmpeg - WARNING - IMAGEIO FFMPEG_WRITER WARNING: input image is not divisible by macro_block_size=16, resizing from (1080, 1920) to (1088, 1920) to ensure video compatibility with most codecs and players. To prevent resizing, make your input image divisible by the macro_block_size or set the macro_block_size to 1 (risking incompatibility).
2025-04-29 21:11:10,526 - privacy-lens-api - INFO - Processing video 7e93b26f-44c9-456e-bba9-b873d631ef23: 33% (100/303)
2025-04-29 21:11:28,762 - privacy-lens-api - INFO - Processing video 7e93b26f-44c9-456e-bba9-b873d631ef23: 66% (200/303)
2025-04-29 21:11:58,125 - privacy-lens-api - INFO - Processing video 7e93b26f-44c9-456e-bba9-b873d631ef23: 99% (300/303)
2025-04-29 21:11:59,716 - privacy-lens-api - INFO - Video processing completed: 7e93b26f-44c9-456e-bba9-b873d631ef23
2025-04-29 21:16:26,999 - privacy-lens-api - INFO - Uploaded file: input1.mp4 -> uploads\fad5c01c-d83e-4b37-9323-5609c60b1b59.mp4
2025-04-29 21:16:27,315 - privacy-lens-api - INFO - Processing video 1548ed1f-ae5e-469f-b115-4e34ebd1cddf: 0% (0/303)
2025-04-29 21:16:27,799 - imageio_ffmpeg - WARNING - IMAGEIO FFMPEG_WRITER WARNING: input image is not divisible by macro_block_size=16, resizing from (1080, 1920) to (1088, 1920) to ensure video compatibility with most codecs and players. To prevent resizing, make your input image divisible by the macro_block_size or set the macro_block_size to 1 (risking incompatibility).
2025-04-29 21:17:09,750 - privacy-lens-api - INFO - Processing video 1548ed1f-ae5e-469f-b115-4e34ebd1cddf: 33% (100/303)
2025-04-29 21:17:28,219 - privacy-lens-api - INFO - Processing video 1548ed1f-ae5e-469f-b115-4e34ebd1cddf: 66% (200/303)
2025-04-29 21:17:55,969 - privacy-lens-api - INFO - Processing video 1548ed1f-ae5e-469f-b115-4e34ebd1cddf: 99% (300/303)
2025-04-29 21:17:57,523 - privacy-lens-api - INFO - Video processing completed: 1548ed1f-ae5e-469f-b115-4e34ebd1cddf
2025-04-29 21:18:18,594 - privacy-lens-api - INFO - Uploaded file: input1.mp4 -> uploads\47861b4e-fe6d-43e3-be38-87278b9c44ea.mp4
2025-04-29 21:18:18,890 - privacy-lens-api - INFO - Processing video eb62b7f6-5d99-4130-8f3e-2e98e23d2e0f: 0% (0/303)
2025-04-29 21:18:19,306 - imageio_ffmpeg - WARNING - IMAGEIO FFMPEG_WRITER WARNING: input image is not divisible by macro_block_size=16, resizing from (1080, 1920) to (1088, 1920) to ensure video compatibility with most codecs and players. To prevent resizing, make your input image divisible by the macro_block_size or set the macro_block_size to 1 (risking incompatibility).
2025-04-29 21:19:00,843 - privacy-lens-api - INFO - Processing video eb62b7f6-5d99-4130-8f3e-2e98e23d2e0f: 33% (100/303)
2025-04-29 21:19:17,534 - privacy-lens-api - INFO - Processing video eb62b7f6-5d99-4130-8f3e-2e98e23d2e0f: 66% (200/303)
2025-04-29 21:19:44,955 - privacy-lens-api - INFO - Processing video eb62b7f6-5d99-4130-8f3e-2e98e23d2e0f: 99% (300/303)
2025-04-29 21:19:46,442 - privacy-lens-api - INFO - Video processing completed: eb62b7f6-5d99-4130-8f3e-2e98e23d2e0f
2025-04-29 21:19:46,556 - privacy-lens-api - INFO - Uploaded file: input2.mp4 -> uploads\12a6048a-0b35-4dcf-866e-7b338e025e3d.mp4
2025-04-29 21:19:46,667 - imageio_ffmpeg - WARNING - The frame size for reading (1280, 720) is different from the source frame size (720, 1280).
2025-04-29 21:19:46,733 - privacy-lens-api - INFO - Processing video 15e70c88-befc-437d-bfc6-8073ab350f84: 0% (0/284)
2025-04-29 21:19:58,956 - privacy-lens-api - INFO - Processing video 15e70c88-befc-437d-bfc6-8073ab350f84: 35% (100/284)
2025-04-29 21:20:11,561 - privacy-lens-api - INFO - Processing video 15e70c88-befc-437d-bfc6-8073ab350f84: 70% (200/284)
2025-04-29 21:20:24,230 - privacy-lens-api - INFO - Video processing completed: 15e70c88-befc-437d-bfc6-8073ab350f84
2025-04-30 19:16:55,384 - asyncio - WARNING - socket.send() raised exception.
2025-04-30 19:16:55,439 - asyncio - WARNING - socket.send() raised exception.
2025-04-30 19:16:56,072 - asyncio - WARNING - socket.send() raised exception.
2025-04-30 19:16:56,127 - asyncio - WARNING - socket.send() raised exception.
2025-04-30 19:16:56,766 - asyncio - WARNING - socket.send() raised exception.
2025-04-30 19:16:56,833 - asyncio - WARNING - socket.send() raised exception.
2025-04-30 19:16:57,512 - asyncio - WARNING - socket.send() raised exception.
2025-04-30 19:16:57,563 - asyncio - WARNING - socket.send() raised exception.
2025-04-30 19:16:58,172 - asyncio - WARNING - socket.send() raised exception.
2025-04-30 19:16:58,222 - asyncio - WARNING - socket.send() raised exception.
2025-04-30 19:16:58,870 - asyncio - WARNING - socket.send() raised exception.
2025-04-30 19:16:58,922 - asyncio - WARNING - socket.send() raised exception.
2025-04-30 19:16:59,552 - asyncio - WARNING - socket.send() raised exception.
2025-04-30 19:16:59,610 - asyncio - WARNING - socket.send() raised exception.
2025-04-30 19:17:00,232 - asyncio - WARNING - socket.send() raised exception.
2025-04-30 19:17:00,284 - asyncio - WARNING - socket.send() raised exception.
2025-04-30 19:17:00,939 - asyncio - WARNING - socket.send() raised exception.
2025-04-30 19:17:00,940 - asyncio - WARNING - socket.send() raised exception.
2025-04-30 19:17:00,944 - asyncio - WARNING - socket.send() raised exception.
2025-04-30 19:19:40,982 - asyncio - WARNING - socket.send() raised exception.
2025-04-30 19:19:41,032 - asyncio - WARNING - socket.send() raised exception.
2025-04-30 19:19:41,606 - asyncio - WARNING - socket.send() raised exception.
2025-04-30 19:19:41,657 - asyncio - WARNING - socket.send() raised exception.
2025-04-30 19:19:42,230 - asyncio - WARNING - socket.send() raised exception.
2025-04-30 19:19:42,282 - asyncio - WARNING - socket.send() raised exception.
2025-04-30 19:19:42,849 - asyncio - WARNING - socket.send() raised exception.
2025-04-30 19:19:42,897 - asyncio - WARNING - socket.send() raised exception.
2025-04-30 19:19:43,477 - asyncio - WARNING - socket.send() raised exception.
2025-04-30 19:19:43,529 - asyncio - WARNING - socket.send() raised exception.
2025-04-30 19:19:44,103 - asyncio - WARNING - socket.send() raised exception.
2025-04-30 19:19:44,152 - asyncio - WARNING - socket.send() raised exception.
2025-04-30 19:19:44,716 - asyncio - WARNING - socket.send() raised exception.
2025-04-30 19:19:44,763 - asyncio - WARNING - socket.send() raised exception.
2025-04-30 19:19:45,335 - asyncio - WARNING - socket.send() raised exception.
2025-04-30 19:19:45,383 - asyncio - WARNING - socket.send() raised exception.
2025-04-30 19:19:45,994 - asyncio - WARNING - socket.send() raised exception.
2025-04-30 19:19:46,042 - asyncio - WARNING - socket.send() raised exception.
2025-04-30 19:19:46,655 - asyncio - WARNING - socket.send() raised exception.
2025-04-30 19:19:46,706 - asyncio - WARNING - socket.send() raised exception.
2025-04-30 19:19:47,313 - asyncio - WARNING - socket.send() raised exception.
2025-04-30 19:19:47,360 - asyncio - WARNING - socket.send() raised exception.
2025-04-30 19:19:47,932 - asyncio - WARNING - socket.send() raised exception.
2025-04-30 19:19:47,933 - asyncio - WARNING - socket.send() raised exception.
2025-04-30 19:19:47,936 - asyncio - WARNING - socket.send() raised exception.
2025-04-30 19:26:36,759 - asyncio - WARNING - socket.send() raised exception.
2025-04-30 19:26:36,810 - asyncio - WARNING - socket.send() raised exception.
2025-04-30 19:26:37,423 - asyncio - WARNING - socket.send() raised exception.
2025-04-30 19:26:37,475 - asyncio - WARNING - socket.send() raised exception.
2025-04-30 19:26:38,078 - asyncio - WARNING - socket.send() raised exception.
2025-04-30 19:26:38,130 - asyncio - WARNING - socket.send() raised exception.
2025-04-30 19:26:38,724 - asyncio - WARNING - socket.send() raised exception.
2025-04-30 19:26:38,773 - asyncio - WARNING - socket.send() raised exception.
2025-04-30 19:26:39,390 - asyncio - WARNING - socket.send() raised exception.
2025-04-30 19:26:39,443 - asyncio - WARNING - socket.send() raised exception.
2025-04-30 19:26:40,047 - asyncio - WARNING - socket.send() raised exception.
2025-04-30 19:26:40,096 - asyncio - WARNING - socket.send() raised exception.
2025-04-30 19:26:40,744 - asyncio - WARNING - socket.send() raised exception.
2025-04-30 19:26:40,795 - asyncio - WARNING - socket.send() raised exception.
2025-04-30 19:26:41,411 - asyncio - WARNING - socket.send() raised exception.
2025-04-30 19:26:41,461 - asyncio - WARNING - socket.send() raised exception.
2025-04-30 19:26:42,073 - asyncio - WARNING - socket.send() raised exception.
2025-04-30 19:26:42,126 - asyncio - WARNING - socket.send() raised exception.
2025-04-30 19:26:42,777 - asyncio - WARNING - socket.send() raised exception.
2025-04-30 19:26:42,778 - asyncio - WARNING - socket.send() raised exception.
2025-04-30 19:26:42,783 - asyncio - WARNING - socket.send() raised exception.
2025-04-30 19:27:05,234 - asyncio - WARNING - socket.send() raised exception.
2025-04-30 19:27:05,283 - asyncio - WARNING - socket.send() raised exception.
2025-04-30 19:27:05,890 - asyncio - WARNING - socket.send() raised exception.
2025-04-30 19:27:05,944 - asyncio - WARNING - socket.send() raised exception.
2025-04-30 19:27:06,588 - asyncio - WARNING - socket.send() raised exception.
2025-04-30 19:27:06,645 - asyncio - WARNING - socket.send() raised exception.
2025-04-30 19:27:07,279 - asyncio - WARNING - socket.send() raised exception.
2025-04-30 19:27:07,333 - asyncio - WARNING - socket.send() raised exception.
2025-04-30 19:27:07,948 - asyncio - WARNING - socket.send() raised exception.
2025-04-30 19:27:07,997 - asyncio - WARNING - socket.send() raised exception.
2025-04-30 19:27:08,607 - asyncio - WARNING - socket.send() raised exception.
2025-04-30 19:27:08,660 - asyncio - WARNING - socket.send() raised exception.
2025-04-30 19:27:09,274 - asyncio - WARNING - socket.send() raised exception.
2025-04-30 19:27:09,328 - asyncio - WARNING - socket.send() raised exception.
2025-04-30 19:27:09,941 - asyncio - WARNING - socket.send() raised exception.
2025-04-30 19:27:10,001 - asyncio - WARNING - socket.send() raised exception.
2025-04-30 19:27:10,678 - asyncio - WARNING - socket.send() raised exception.
2025-04-30 19:27:10,678 - asyncio - WARNING - socket.send() raised exception.
2025-04-30 19:27:10,683 - asyncio - WARNING - socket.send() raised exception.
2025-04-30 19:29:18,417 - asyncio - WARNING - socket.send() raised exception.
2025-04-30 19:29:18,468 - asyncio - WARNING - socket.send() raised exception.
2025-04-30 19:29:19,081 - asyncio - WARNING - socket.send() raised exception.
2025-04-30 19:29:19,134 - asyncio - WARNING - socket.send() raised exception.
2025-04-30 19:29:19,746 - asyncio - WARNING - socket.send() raised exception.
2025-04-30 19:29:19,796 - asyncio - WARNING - socket.send() raised exception.
2025-04-30 19:29:20,375 - asyncio - WARNING - socket.send() raised exception.
2025-04-30 19:29:20,425 - asyncio - WARNING - socket.send() raised exception.
2025-04-30 19:29:21,049 - asyncio - WARNING - socket.send() raised exception.
2025-04-30 19:29:21,100 - asyncio - WARNING - socket.send() raised exception.
2025-04-30 19:29:21,704 - asyncio - WARNING - socket.send() raised exception.
2025-04-30 19:29:21,752 - asyncio - WARNING - socket.send() raised exception.
2025-04-30 19:29:22,345 - asyncio - WARNING - socket.send() raised exception.
2025-04-30 19:29:22,395 - asyncio - WARNING - socket.send() raised exception.
2025-04-30 19:29:22,981 - asyncio - WARNING - socket.send() raised exception.
2025-04-30 19:29:23,031 - asyncio - WARNING - socket.send() raised exception.
2025-04-30 19:29:23,647 - asyncio - WARNING - socket.send() raised exception.
2025-04-30 19:29:23,696 - asyncio - WARNING - socket.send() raised exception.
2025-04-30 19:29:24,308 - asyncio - WARNING - socket.send() raised exception.
2025-04-30 19:29:24,358 - asyncio - WARNING - socket.send() raised exception.
2025-04-30 19:29:24,989 - asyncio - WARNING - socket.send() raised exception.
2025-04-30 19:29:25,039 - asyncio - WARNING - socket.send() raised exception.
2025-04-30 19:29:25,643 - asyncio - WARNING - socket.send() raised exception.
2025-04-30 19:29:25,644 - asyncio - WARNING - socket.send() raised exception.
2025-04-30 19:29:25,647 - asyncio - WARNING - socket.send() raised exception.
2025-04-30 19:29:27,791 - asyncio - WARNING - socket.send() raised exception.
2025-04-30 19:29:28,380 - asyncio - WARNING - socket.send() raised exception.
2025-04-30 19:29:28,431 - asyncio - WARNING - socket.send() raised exception.
2025-04-30 19:29:29,014 - asyncio - WARNING - socket.send() raised exception.
2025-04-30 19:29:29,066 - asyncio - WARNING - socket.send() raised exception.
2025-04-30 19:29:29,652 - asyncio - WARNING - socket.send() raised exception.
2025-04-30 19:29:29,703 - asyncio - WARNING - socket.send() raised exception.
2025-04-30 19:29:30,293 - asyncio - WARNING - socket.send() raised exception.
2025-04-30 19:29:30,343 - asyncio - WARNING - socket.send() raised exception.
2025-04-30 19:29:30,966 - asyncio - WARNING - socket.send() raised exception.
2025-04-30 19:29:31,016 - asyncio - WARNING - socket.send() raised exception.
2025-04-30 19:29:31,610 - asyncio - WARNING - socket.send() raised exception.
2025-04-30 19:29:31,660 - asyncio - WARNING - socket.send() raised exception.
2025-04-30 19:29:32,274 - asyncio - WARNING - socket.send() raised exception.
2025-04-30 19:29:32,324 - asyncio - WARNING - socket.send() raised exception.
2025-04-30 19:29:32,926 - asyncio - WARNING - socket.send() raised exception.
2025-04-30 19:29:32,979 - asyncio - WARNING - socket.send() raised exception.
2025-04-30 19:29:33,609 - asyncio - WARNING - socket.send() raised exception.
2025-04-30 19:29:33,660 - asyncio - WARNING - socket.send() raised exception.
2025-04-30 19:29:34,258 - asyncio - WARNING - socket.send() raised exception.
2025-04-30 19:29:34,309 - asyncio - WARNING - socket.send() raised exception.
2025-04-30 19:29:34,962 - asyncio - WARNING - socket.send() raised exception.
2025-04-30 19:29:35,011 - asyncio - WARNING - socket.send() raised exception.
2025-04-30 19:29:35,597 - asyncio - WARNING - socket.send() raised exception.
2025-04-30 19:29:35,648 - asyncio - WARNING - socket.send() raised exception.
2025-04-30 19:29:36,254 - asyncio - WARNING - socket.send() raised exception.
2025-04-30 19:29:36,302 - asyncio - WARNING - socket.send() raised exception.
2025-04-30 19:29:36,884 - asyncio - WARNING - socket.send() raised exception.
2025-04-30 19:29:36,934 - asyncio - WARNING - socket.send() raised exception.
2025-04-30 19:29:37,514 - asyncio - WARNING - socket.send() raised exception.
2025-04-30 19:29:37,514 - asyncio - WARNING - socket.send() raised exception.
2025-04-30 19:29:37,519 - asyncio - WARNING - socket.send() raised exception.
